

HI-TECH Software PIC LITE Macro Assembler V9.82 build 9453 
                                                                                               Fri Oct 25 16:53:46 2024

HI-TECH Software Omniscient Code Generator (Lite mode) build 9453
     1  0000                     opt subtitle "HI-TECH Software Omniscient Code Generator (Lite mode) build 9453"
     2                           
     3                           opt pagewidth 120
     4                           
     5                           	opt lm
     6                           
     7                           	processor	16F877A
     8                           clrc	macro
     9                           	bcf	3,0
    10  0000                     	endm
    11                           clrz	macro
    12                           	bcf	3,2
    13  0000                     	endm
    14                           setc	macro
    15                           	bsf	3,0
    16  0000                     	endm
    17                           setz	macro
    18                           	bsf	3,2
    19  0000                     	endm
    20                           skipc	macro
    21                           	btfss	3,0
    22  0000                     	endm
    23                           skipz	macro
    24                           	btfss	3,2
    25  0000                     	endm
    26                           skipnc	macro
    27                           	btfsc	3,0
    28  0000                     	endm
    29                           skipnz	macro
    30                           	btfsc	3,2
    31  0000                     	endm
    32  0000                     indf	equ	0
    33  0000                     indf0	equ	0
    34  0002                     pc	equ	2
    35  0002                     pcl	equ	2
    36  0003                     status	equ	3
    37  0004                     fsr	equ	4
    38  0004                     fsr0	equ	4
    39  0001                     c	equ	1
    40  0000                     z	equ	0
    41  000A                     pclath	equ	10
    42                           	FNROOT	_main
    43                           	global	_CARRY
    44                           psect	maintext,global,class=CODE,delta=2
    45                           global __pmaintext
    46  07FB                     __pmaintext:
    47  0018                     _CARRY	set	24
    48                           	global	_GIE
    49  005F                     _GIE	set	95
    50                           	global	_EEADR
    51  010D                     _EEADR	set	269
    52                           	global	_EEDATA
    53  010C                     _EEDATA	set	268
    54                           	global	_EECON1
    55  018C                     _EECON1	set	396
    56                           	global	_EECON2
    57  018D                     _EECON2	set	397
    58                           	global	_RD
    59  0C60                     _RD	set	3168
    60                           	global	_WR
    61  0C61                     _WR	set	3169
    62                           	global	_WREN
    63  0C62                     _WREN	set	3170
    64                           	file	"My First.as"
    65                           	line	#
    66                           psect cinit,class=CODE,delta=2
    67                           global start_initialization
    68  07F7                     start_initialization:
    69                           
    70                           psect cinit,class=CODE,delta=2
    71                           global end_of_initialization
    72                           
    73                           ;End of C runtime variable initialization code
    74                           
    75  07F7                     end_of_initialization:
    76  07F7  0183               clrf status
    77  07F8  120A  118A  2FFB   ljmp _main	;jump to C main() function
    78                           psect	cstackCOMMON,class=COMMON,space=1
    79                           global __pcstackCOMMON
    80  0000                     __pcstackCOMMON:
    81                           	global	??_main
    82  0000                     ??_main:	; 0 bytes @ 0x0
    83                           	global	?_main
    84  0000                     ?_main:	; 2 bytes @ 0x0
    85 ;;Data sizes: Strings 0, constant 0, data 0, bss 0, persistent 0 stack 0
    86 ;;Auto spaces:   Size  Autos    Used
    87 ;; COMMON          14      0       0
    88 ;; BANK0           80      0       0
    89 ;; BANK1           80      0       0
    90 ;; BANK3           96      0       0
    91 ;; BANK2           96      0       0
    92                           
    93 ;;
    94 ;; Pointer list with targets:
    95                           
    96                           
    97                           
    98 ;;
    99 ;; Critical Paths under _main in COMMON
   100 ;;
   101 ;;   None.
   102 ;;
   103 ;; Critical Paths under _main in BANK0
   104 ;;
   105 ;;   None.
   106 ;;
   107 ;; Critical Paths under _main in BANK1
   108 ;;
   109 ;;   None.
   110 ;;
   111 ;; Critical Paths under _main in BANK3
   112 ;;
   113 ;;   None.
   114 ;;
   115 ;; Critical Paths under _main in BANK2
   116 ;;
   117 ;;   None.
   118                           
   119 ;;
   120 ;;Main: autosize = 0, tempsize = 0, incstack = 0, save=0
   121 ;;
   122                           
   123 ;;
   124 ;;Call Graph Tables:
   125 ;;
   126 ;; ---------------------------------------------------------------------------------
   127 ;; (Depth) Function   	        Calls       Base Space   Used Autos Params    Refs
   128 ;; ---------------------------------------------------------------------------------
   129 ;; (0) _main                                                 0     0      0       0
   130 ;; ---------------------------------------------------------------------------------
   131 ;; Estimated maximum stack depth 0
   132 ;; ---------------------------------------------------------------------------------
   133                           
   134 ;; Call Graph Graphs:
   135                           
   136 ;; _main (ROOT)
   137 ;;
   138                           
   139 ;; Address spaces:
   140                           
   141 ;;Name               Size   Autos  Total    Cost      Usage
   142 ;;BITCOMMON            E      0       0       0        0.0%
   143 ;;EEDATA             100      0       0       0        0.0%
   144 ;;NULL                 0      0       0       0        0.0%
   145 ;;CODE                 0      0       0       0        0.0%
   146 ;;COMMON               E      0       0       1        0.0%
   147 ;;BITSFR0              0      0       0       1        0.0%
   148 ;;SFR0                 0      0       0       1        0.0%
   149 ;;BITSFR1              0      0       0       2        0.0%
   150 ;;SFR1                 0      0       0       2        0.0%
   151 ;;STACK                0      0       0       2        0.0%
   152 ;;ABS                  0      0       0       3        0.0%
   153 ;;BITBANK0            50      0       0       4        0.0%
   154 ;;BITSFR3              0      0       0       4        0.0%
   155 ;;SFR3                 0      0       0       4        0.0%
   156 ;;BANK0               50      0       0       5        0.0%
   157 ;;BITSFR2              0      0       0       5        0.0%
   158 ;;SFR2                 0      0       0       5        0.0%
   159 ;;BITBANK1            50      0       0       6        0.0%
   160 ;;BANK1               50      0       0       7        0.0%
   161 ;;BITBANK3            60      0       0       8        0.0%
   162 ;;BANK3               60      0       0       9        0.0%
   163 ;;BITBANK2            60      0       0      10        0.0%
   164 ;;BANK2               60      0       0      11        0.0%
   165 ;;DATA                 0      0       0      12        0.0%
   166                           
   167                           	global	_main
   168                           psect	maintext
   169                           
   170 ;; *************** function _main *****************
   171 ;; Defined at:
   172 ;;		line 4 in file "D:\_My Work\PIC\My First\Code\main.c"
   173 ;; Parameters:    Size  Location     Type
   174 ;;		None
   175 ;; Auto vars:     Size  Location     Type
   176 ;;		None
   177 ;; Return value:  Size  Location     Type
   178 ;;                  2  684[COMMON] int 
   179 ;; Registers used:
   180 ;;		None
   181 ;; Tracked objects:
   182 ;;		On entry : 17F/0
   183 ;;		On exit  : 0/0
   184 ;;		Unchanged: 0/0
   185 ;; Data sizes:     COMMON   BANK0   BANK1   BANK3   BANK2
   186 ;;      Params:         0       0       0       0       0
   187 ;;      Locals:         0       0       0       0       0
   188 ;;      Temps:          0       0       0       0       0
   189 ;;      Totals:         0       0       0       0       0
   190 ;;Total ram usage:        0 bytes
   191 ;; This function calls:
   192 ;;		Nothing
   193 ;; This function is called by:
   194 ;;		Startup code after reset
   195 ;; This function uses a non-reentrant model
   196 ;;
   197                           psect	maintext
   198                           	file	"D:\_My Work\PIC\My First\Code\main.c"
   199                           	line	4
   200                           	global	__size_of_main
   201  0005                     	__size_of_main	equ	__end_of_main-_main
   202                           	
   203  07FB                     _main:	
   204                           	opt	stack 8
   205                           ; Regs used in _main: []
   206                           	line	5
   207                           ;main.c: 5: while(1)
   208                           	
   209  07FB                     l685:	
   210  07FB  2FFB               	goto	l685
   211                           	line	7
   212                           ;main.c: 6: {
   213                           	
   214  07FC                     l686:	
   215                           	line	5
   216  07FC  2FFB               	goto	l685
   217                           	
   218  07FD                     l687:	
   219                           	line	9
   220                           ;main.c: 7: }
   221                           ;main.c: 8: return 1;
   222                           ;	Return value of _main is never used
   223                           	
   224  07FD                     l688:	
   225                           	global	start
   226  07FD  120A  118A  2800   	ljmp	start
   227                           	opt stack 0
   228                           GLOBAL	__end_of_main
   229  0800                     	__end_of_main:
   230 ;; =============== function _main ends ============
   231                           
   232                           	signat	_main,90
   233                           psect	maintext
   234                           	global	btemp
   235  007E                     	btemp set 07Eh
   236                           
   237                           	DABS	1,126,2	;btemp
   238                           	global	wtemp0
   239  007E                     	wtemp0 set btemp


HI-TECH Software PICC Macro Assembler V9.82 build 9453 
Symbol Table                                                                                   Fri Oct 25 16:53:46 2024

                  _RD 0C60                    _WR 0C61                   l685 07FB                   l686 07FC  
                 l687 07FD                   l688 07FD                   _GIE 005F                  _WREN 0C62  
                _main 07FB                  btemp 007E                  start 0000                 ?_main 0000  
               _EEADR 010D                 _CARRY 0018                 status 0003                 wtemp0 007E  
        __end_of_main 0800                ??_main 0000                _EEDATA 010C                _EECON1 018C  
              _EECON2 018D        __pcstackCOMMON 0000            __pmaintext 07FB  end_of_initialization 07F7  
 start_initialization 07F7         __size_of_main 0005  
